[Tue 09/22/2026 21:26:29.63] Starting SBOM generation source file processing 
[Tue 09/22/2026 21:26:42.91] Processing TIP FW L0 source... 
>>> Looking for tar files in: sbom-tmp
>>> Using patterns: ['*.source.tar*', '*.tar*']
>>> Found tarball: sbom-tmp\ARBEL_TIP_FW_L0_0.8.9.source.tar.gzip
>>> Extracting to: C:\APP\aio\Arbel\IGPS\4.4.5\sources\deliverables\IGPS_4.4.5_Github\sbom-tmp\ext-15109311
>>> Extraction successful
>>> Fixing file permissions...
>>> Permission fix complete
>>> Running base scan for: tipfw-l0-source...
>>> Base path: C:\APP\aio\Arbel\IGPS\4.4.5\sources\deliverables\IGPS_4.4.5_Github\sbom-tmp\ext-15109311
>>> Manifest root: C:\APP\aio\Arbel\IGPS\4.4.5\sources\deliverables\IGPS_4.4.5_Github\sbom-tmp\m-aa4c0efb
>>> Command: C:\APP\aio\Arbel\IGPS\4.4.5\sources\sbom-tool.exe generate -b C:\APP\aio\Arbel\IGPS\4.4.5\sources\deliverables\IGPS_4.4.5_Github\sbom-tmp\ext-15109311 -bc C:\APP\aio\Arbel\IGPS\4.4.5\sources\deliverables\IGPS_4.4.5_Github\sbom-tmp\ext-15109311 -pn tipfw-l0-source -pv 0.8.9 -ps Nuvoton -nsb https://github.com/Nuvoton-Israel/igps-npcm8xx -mi SPDX:3.0 -pm true -m C:\APP\aio\Arbel\IGPS\4.4.5\sources\deliverables\IGPS_4.4.5_Github\sbom-tmp\m-aa4c0efb
>>> SBOM tool exit code: 0
>>> SBOM tool STDOUT:
##[warning]Discovered SPDX at "C:\\APP\\aio\\Arbel\\IGPS\\4.4.5\\sources\\deliverables\\IGPS_4.4.5_Github\\sbom-tmp\\ext-15109311\\projects\\nuvoton\\projects_connected\\IGPS_Arbel_DEV\\deliverables\\IGPS_4.4.3_Github\\sbom-root\\spdx_3.0\\bl31-source.spdx.json" is not SPDX-2.2 document, skipping
##[warning]Discovered SPDX at "C:\\APP\\aio\\Arbel\\IGPS\\4.4.5\\sources\\deliverables\\IGPS_4.4.5_Github\\sbom-tmp\\ext-15109311\\projects\\nuvoton\\projects_connected\\IGPS_Arbel_DEV\\deliverables\\IGPS_4.4.3_Github\\sbom-root\\spdx_3.0\\bootblock-source.spdx.json" is not SPDX-2.2 document, skipping
##[warning]Discovered SPDX at "C:\\APP\\aio\\Arbel\\IGPS\\4.4.5\\sources\\deliverables\\IGPS_4.4.5_Github\\sbom-tmp\\ext-15109311\\projects\\nuvoton\\projects_connected\\IGPS_Arbel_DEV\\deliverables\\IGPS_4.4.3_Github\\sbom-root\\spdx_3.0\\external-fw-components.spdx.json" is not SPDX-2.2 document, skipping
##[warning]Discovered SPDX at "C:\\APP\\aio\\Arbel\\IGPS\\4.4.5\\sources\\deliverables\\IGPS_4.4.5_Github\\sbom-tmp\\ext-15109311\\projects\\nuvoton\\projects_connected\\IGPS_Arbel_DEV\\deliverables\\IGPS_4.4.3_Github\\sbom-root\\spdx_3.0\\linux-source.spdx.json" is not SPDX-2.2 document, skipping
##[warning]Discovered SPDX at "C:\\APP\\aio\\Arbel\\IGPS\\4.4.5\\sources\\deliverables\\IGPS_4.4.5_Github\\sbom-tmp\\ext-15109311\\projects\\nuvoton\\projects_connected\\IGPS_Arbel_DEV\\deliverables\\IGPS_4.4.3_Github\\sbom-root\\spdx_3.0\\manifest.spdx.json" is not SPDX-2.2 document, skipping
##[warning]Discovered SPDX at "C:\\APP\\aio\\Arbel\\IGPS\\4.4.5\\sources\\deliverables\\IGPS_4.4.5_Github\\sbom-tmp\\ext-15109311\\projects\\nuvoton\\projects_connected\\IGPS_Arbel_DEV\\deliverables\\IGPS_4.4.3_Github\\sbom-root\\spdx_3.0\\optee-source.spdx.json" is not SPDX-2.2 document, skipping
##[warning]Discovered SPDX at "C:\\APP\\aio\\Arbel\\IGPS\\4.4.5\\sources\\deliverables\\IGPS_4.4.5_Github\\sbom-tmp\\ext-15109311\\projects\\nuvoton\\projects_connected\\IGPS_Arbel_DEV\\deliverables\\IGPS_4.4.3_Github\\sbom-root\\spdx_3.0\\tipfw-l0-source.spdx.json" is not SPDX-2.2 document, skipping
##[warning]Discovered SPDX at "C:\\APP\\aio\\Arbel\\IGPS\\4.4.5\\sources\\deliverables\\IGPS_4.4.5_Github\\sbom-tmp\\ext-15109311\\projects\\nuvoton\\projects_connected\\IGPS_Arbel_DEV\\deliverables\\IGPS_4.4.3_Github\\sbom-root\\spdx_3.0\\tipfw-l1-source.spdx.json" is not SPDX-2.2 document, skipping
##[warning]Discovered SPDX at "C:\\APP\\aio\\Arbel\\IGPS\\4.4.5\\sources\\deliverables\\IGPS_4.4.5_Github\\sbom-tmp\\ext-15109311\\projects\\nuvoton\\projects_connected\\IGPS_Arbel_DEV\\deliverables\\IGPS_4.4.3_Github\\sbom-root\\spdx_3.0\\uboot-source.spdx.json" is not SPDX-2.2 document, skipping
                               Detection Summary                                
ÚÄÄÄÄÄÄÄÄÄÄÄÄÄÄÄÄÄÄÄÂÄÄÄÄÄÄÄÄÄÄÄÄÄÄÄÄÄÄÄÂÄÄÄÄÄÄÄÄÄÄÄÄÄÄÄÄÄÄÄÂÄÄÄÄÄÄÄÄÄÄÄÄÄÄÄÄÄÄ¿
³ Component         ³ Detection Time    ³ # Components      ³ # Explicitly     ³
³ Detector Id       ³                   ³ Found             ³ Referenced       ³
ÃÄÄÄÄÄÄÄÄÄÄÄÄÄÄÄÄÄÄÄÅÄÄÄÄÄÄÄÄÄÄÄÄÄÄÄÄÄÄÄÅÄÄÄÄÄÄÄÄÄÄÄÄÄÄÄÄÄÄÄÅÄÄÄÄÄÄÄÄÄÄÄÄÄÄÄÄÄÄ´
³ CocoaPods         ³ 0.51 seconds      ³ 0                 ³ 0                ³
³ ConanLock         ³ 0.45 seconds      ³ 0                 ³ 0                ³
³ DotNet            ³ 0.5 seconds       ³ 0                 ³ 0                ³
³ Go                ³ 0.5 seconds       ³ 0                 ³ 0                ³
³ Gradle            ³ 0.5 seconds       ³ 0                 ³ 0                ³
³ Ivy (Beta)        ³ 0.27 seconds      ³ 0                 ³ 0                ³
³ Linux             ³ 0.11 seconds      ³ 0                 ³ 0                ³
³ LinuxApplicationL ³ 0.0042 seconds    ³ 0                 ³ 0                ³
³ ayer (Beta)       ³                   ³                   ³                  ³
³ MvnCli            ³ 0.34 seconds      ³ 0                 ³ 0                ³
³ Npm               ³ 0.45 seconds      ³ 0                 ³ 0                ³
³ NpmLockfile3      ³ 0.45 seconds      ³ 0                 ³ 0                ³
³ NpmWithRoots      ³ 0.45 seconds      ³ 0                 ³ 0                ³
³ NuGet             ³ 0.45 seconds      ³ 0                 ³ 0                ³
³ NuGetPackagesConf ³ 0.45 seconds      ³ 0                 ³ 0                ³
³ ig                ³                   ³                   ³                  ³
³ NuGetProjectCentr ³ 0.45 seconds      ³ 0                 ³ 0                ³
³ ic                ³                   ³                   ³                  ³
³ PipReport         ³ 37 seconds        ³ 40                ³ 39               ³
³ Pnpm              ³ 0.45 seconds      ³ 0                 ³ 0                ³
³ Poetry (Beta)     ³ 0.45 seconds      ³ 0                 ³ 0                ³
³ Ruby              ³ 0.45 seconds      ³ 0                 ³ 0                ³
³ RustSbom          ³ 0.45 seconds      ³ 0                 ³ 0                ³
³ SPDX22SBOM        ³ 1.5 seconds       ³ 0                 ³ 0                ³
³ UvLock (Beta)     ³ 0.45 seconds      ³ 0                 ³ 0                ³
³ Vcpkg             ³ 0.45 seconds      ³ 0                 ³ 0                ³
³ Yarn              ³ 0.45 seconds      ³ 0                 ³ 0                ³
³ ÄÄÄÄÄÄÄÄÄÄÄÄÄÄÄÄÄ ³ ÄÄÄÄÄÄÄÄÄÄÄÄÄÄÄÄÄ ³ ÄÄÄÄÄÄÄÄÄÄÄÄÄÄÄÄÄ ³ ÄÄÄÄÄÄÄÄÄÄÄÄÄÄÄÄ ³
³ Total             ³ 37 seconds        ³ 40                ³ 39               ³
ÀÄÄÄÄÄÄÄÄÄÄÄÄÄÄÄÄÄÄÄÁÄÄÄÄÄÄÄÄÄÄÄÄÄÄÄÄÄÄÄÁÄÄÄÄÄÄÄÄÄÄÄÄÄÄÄÄÄÄÄÁÄÄÄÄÄÄÄÄÄÄÄÄÄÄÄÄÄÄÙ

>>> Looking for manifest at: C:\APP\aio\Arbel\IGPS\4.4.5\sources\deliverables\IGPS_4.4.5_Github\sbom-tmp\m-aa4c0efb\_manifest\spdx_3.0\manifest.spdx.json
>>> Manifest found!
>>> Integrating 1 external components into 3.0.1 graph...
>>> Successfully generated and integrated SBOM: C:\APP\aio\Arbel\IGPS\4.4.5\sources\deliverables\IGPS_4.4.5_Github\sbom-root\spdx_3.0\tipfw-l0-source.spdx.json
[Tue 09/22/2026 21:30:41.35] Processing TIP FW L1 source... 
>>> Looking for tar files in: sbom-tmp
>>> Using patterns: ['*.source.tar*', '*.tar*']
>>> Found tarball: sbom-tmp\ARBEL_TIP_FW_L1_0.7.8.source.tar.gzip
>>> Extracting to: C:\APP\aio\Arbel\IGPS\4.4.5\sources\deliverables\IGPS_4.4.5_Github\sbom-tmp\ext-227dbcbe
>>> Extraction successful
>>> Fixing file permissions...
>>> Permission fix complete
>>> Running base scan for: tipfw-l1-source...
>>> Base path: C:\APP\aio\Arbel\IGPS\4.4.5\sources\deliverables\IGPS_4.4.5_Github\sbom-tmp\ext-227dbcbe
>>> Manifest root: C:\APP\aio\Arbel\IGPS\4.4.5\sources\deliverables\IGPS_4.4.5_Github\sbom-tmp\m-ad5c48c4
>>> Command: C:\APP\aio\Arbel\IGPS\4.4.5\sources\sbom-tool.exe generate -b C:\APP\aio\Arbel\IGPS\4.4.5\sources\deliverables\IGPS_4.4.5_Github\sbom-tmp\ext-227dbcbe -bc C:\APP\aio\Arbel\IGPS\4.4.5\sources\deliverables\IGPS_4.4.5_Github\sbom-tmp\ext-227dbcbe -pn tipfw-l1-source -pv 0.7.8 -ps Nuvoton -nsb https://github.com/Nuvoton-Israel/igps-npcm8xx -mi SPDX:3.0 -pm true -m C:\APP\aio\Arbel\IGPS\4.4.5\sources\deliverables\IGPS_4.4.5_Github\sbom-tmp\m-ad5c48c4
>>> SBOM tool exit code: 0
>>> SBOM tool STDOUT:
##[warning]Discovered SPDX at "C:\\APP\\aio\\Arbel\\IGPS\\4.4.5\\sources\\deliverables\\IGPS_4.4.5_Github\\sbom-tmp\\ext-227dbcbe\\projects\\nuvoton\\projects_connected\\IGPS_Arbel_DEV\\deliverables\\IGPS_4.4.3_Github\\sbom-root\\spdx_3.0\\bl31-source.spdx.json" is not SPDX-2.2 document, skipping
##[warning]Discovered SPDX at "C:\\APP\\aio\\Arbel\\IGPS\\4.4.5\\sources\\deliverables\\IGPS_4.4.5_Github\\sbom-tmp\\ext-227dbcbe\\projects\\nuvoton\\projects_connected\\IGPS_Arbel_DEV\\deliverables\\IGPS_4.4.3_Github\\sbom-root\\spdx_3.0\\bootblock-source.spdx.json" is not SPDX-2.2 document, skipping
##[warning]Discovered SPDX at "C:\\APP\\aio\\Arbel\\IGPS\\4.4.5\\sources\\deliverables\\IGPS_4.4.5_Github\\sbom-tmp\\ext-227dbcbe\\projects\\nuvoton\\projects_connected\\IGPS_Arbel_DEV\\deliverables\\IGPS_4.4.3_Github\\sbom-root\\spdx_3.0\\external-fw-components.spdx.json" is not SPDX-2.2 document, skipping
##[warning]Discovered SPDX at "C:\\APP\\aio\\Arbel\\IGPS\\4.4.5\\sources\\deliverables\\IGPS_4.4.5_Github\\sbom-tmp\\ext-227dbcbe\\projects\\nuvoton\\projects_connected\\IGPS_Arbel_DEV\\deliverables\\IGPS_4.4.3_Github\\sbom-root\\spdx_3.0\\linux-source.spdx.json" is not SPDX-2.2 document, skipping
##[warning]Discovered SPDX at "C:\\APP\\aio\\Arbel\\IGPS\\4.4.5\\sources\\deliverables\\IGPS_4.4.5_Github\\sbom-tmp\\ext-227dbcbe\\projects\\nuvoton\\projects_connected\\IGPS_Arbel_DEV\\deliverables\\IGPS_4.4.3_Github\\sbom-root\\spdx_3.0\\manifest.spdx.json" is not SPDX-2.2 document, skipping
##[warning]Discovered SPDX at "C:\\APP\\aio\\Arbel\\IGPS\\4.4.5\\sources\\deliverables\\IGPS_4.4.5_Github\\sbom-tmp\\ext-227dbcbe\\projects\\nuvoton\\projects_connected\\IGPS_Arbel_DEV\\deliverables\\IGPS_4.4.3_Github\\sbom-root\\spdx_3.0\\optee-source.spdx.json" is not SPDX-2.2 document, skipping
##[warning]Discovered SPDX at "C:\\APP\\aio\\Arbel\\IGPS\\4.4.5\\sources\\deliverables\\IGPS_4.4.5_Github\\sbom-tmp\\ext-227dbcbe\\projects\\nuvoton\\projects_connected\\IGPS_Arbel_DEV\\deliverables\\IGPS_4.4.3_Github\\sbom-root\\spdx_3.0\\tipfw-l0-source.spdx.json" is not SPDX-2.2 document, skipping
##[warning]Discovered SPDX at "C:\\APP\\aio\\Arbel\\IGPS\\4.4.5\\sources\\deliverables\\IGPS_4.4.5_Github\\sbom-tmp\\ext-227dbcbe\\projects\\nuvoton\\projects_connected\\IGPS_Arbel_DEV\\deliverables\\IGPS_4.4.3_Github\\sbom-root\\spdx_3.0\\tipfw-l1-source.spdx.json" is not SPDX-2.2 document, skipping
##[warning]Discovered SPDX at "C:\\APP\\aio\\Arbel\\IGPS\\4.4.5\\sources\\deliverables\\IGPS_4.4.5_Github\\sbom-tmp\\ext-227dbcbe\\projects\\nuvoton\\projects_connected\\IGPS_Arbel_DEV\\deliverables\\IGPS_4.4.3_Github\\sbom-root\\spdx_3.0\\uboot-source.spdx.json" is not SPDX-2.2 document, skipping
                               Detection Summary                                
ÚÄÄÄÄÄÄÄÄÄÄÄÄÄÄÄÄÄÄÄÂÄÄÄÄÄÄÄÄÄÄÄÄÄÄÄÄÄÄÄÂÄÄÄÄÄÄÄÄÄÄÄÄÄÄÄÄÄÄÄÂÄÄÄÄÄÄÄÄÄÄÄÄÄÄÄÄÄÄ¿
³ Component         ³ Detection Time    ³ # Components      ³ # Explicitly     ³
³ Detector Id       ³                   ³ Found             ³ Referenced       ³
ÃÄÄÄÄÄÄÄÄÄÄÄÄÄÄÄÄÄÄÄÅÄÄÄÄÄÄÄÄÄÄÄÄÄÄÄÄÄÄÄÅÄÄÄÄÄÄÄÄÄÄÄÄÄÄÄÄÄÄÄÅÄÄÄÄÄÄÄÄÄÄÄÄÄÄÄÄÄÄ´
³ CocoaPods         ³ 0.47 seconds      ³ 0                 ³ 0                ³
³ ConanLock         ³ 0.42 seconds      ³ 0                 ³ 0                ³
³ DotNet            ³ 0.47 seconds      ³ 0                 ³ 0                ³
³ Go                ³ 0.47 seconds      ³ 0                 ³ 0                ³
³ Gradle            ³ 0.47 seconds      ³ 0                 ³ 0                ³
³ Ivy (Beta)        ³ 0.33 seconds      ³ 0                 ³ 0                ³
³ Linux             ³ 0.14 seconds      ³ 0                 ³ 0                ³
³ LinuxApplicationL ³ 0.0038 seconds    ³ 0                 ³ 0                ³
³ ayer (Beta)       ³                   ³                   ³                  ³
³ MvnCli            ³ 0.3 seconds       ³ 0                 ³ 0                ³
³ Npm               ³ 0.42 seconds      ³ 0                 ³ 0                ³
³ NpmLockfile3      ³ 0.42 seconds      ³ 0                 ³ 0                ³
³ NpmWithRoots      ³ 0.42 seconds      ³ 0                 ³ 0                ³
³ NuGet             ³ 0.42 seconds      ³ 0                 ³ 0                ³
³ NuGetPackagesConf ³ 0.42 seconds      ³ 0                 ³ 0                ³
³ ig                ³                   ³                   ³                  ³
³ NuGetProjectCentr ³ 0.42 seconds      ³ 0                 ³ 0                ³
³ ic                ³                   ³                   ³                  ³
³ PipReport         ³ 35 seconds        ³ 40                ³ 39               ³
³ Pnpm              ³ 0.42 seconds      ³ 0                 ³ 0                ³
³ Poetry (Beta)     ³ 0.42 seconds      ³ 0                 ³ 0                ³
³ Ruby              ³ 0.42 seconds      ³ 0                 ³ 0                ³
³ RustSbom          ³ 0.42 seconds      ³ 0                 ³ 0                ³
³ SPDX22SBOM        ³ 1.2 seconds       ³ 0                 ³ 0                ³
³ UvLock (Beta)     ³ 0.42 seconds      ³ 0                 ³ 0                ³
³ Vcpkg             ³ 0.42 seconds      ³ 0                 ³ 0                ³
³ Yarn              ³ 0.42 seconds      ³ 0                 ³ 0                ³
³ ÄÄÄÄÄÄÄÄÄÄÄÄÄÄÄÄÄ ³ ÄÄÄÄÄÄÄÄÄÄÄÄÄÄÄÄÄ ³ ÄÄÄÄÄÄÄÄÄÄÄÄÄÄÄÄÄ ³ ÄÄÄÄÄÄÄÄÄÄÄÄÄÄÄÄ ³
³ Total             ³ 35 seconds        ³ 40                ³ 39               ³
ÀÄÄÄÄÄÄÄÄÄÄÄÄÄÄÄÄÄÄÄÁÄÄÄÄÄÄÄÄÄÄÄÄÄÄÄÄÄÄÄÁÄÄÄÄÄÄÄÄÄÄÄÄÄÄÄÄÄÄÄÁÄÄÄÄÄÄÄÄÄÄÄÄÄÄÄÄÄÄÙ

>>> Looking for manifest at: C:\APP\aio\Arbel\IGPS\4.4.5\sources\deliverables\IGPS_4.4.5_Github\sbom-tmp\m-ad5c48c4\_manifest\spdx_3.0\manifest.spdx.json
>>> Manifest found!
>>> Integrating 1 external components into 3.0.1 graph...
>>> Successfully generated and integrated SBOM: C:\APP\aio\Arbel\IGPS\4.4.5\sources\deliverables\IGPS_4.4.5_Github\sbom-root\spdx_3.0\tipfw-l1-source.spdx.json
[Tue 09/22/2026 21:34:29.94] Processing u-boot source... 
>>> Looking for tar files in: sbom-tmp
>>> Using patterns: ['*.source.tar*', '*.tar*']
>>> Found tarball: sbom-tmp\u-boot-2023.10-npcm8xx-20250728.tar.gz
>>> Extracting to: C:\APP\aio\Arbel\IGPS\4.4.5\sources\deliverables\IGPS_4.4.5_Github\sbom-tmp\ext-c9959ce8
>>> Extraction successful
>>> Fixing file permissions...
>>> Permission fix complete
>>> Running base scan for: uboot-source...
>>> Base path: C:\APP\aio\Arbel\IGPS\4.4.5\sources\deliverables\IGPS_4.4.5_Github\sbom-tmp\ext-c9959ce8
>>> Manifest root: C:\APP\aio\Arbel\IGPS\4.4.5\sources\deliverables\IGPS_4.4.5_Github\sbom-tmp\m-65cd6397
>>> Command: C:\APP\aio\Arbel\IGPS\4.4.5\sources\sbom-tool.exe generate -b C:\APP\aio\Arbel\IGPS\4.4.5\sources\deliverables\IGPS_4.4.5_Github\sbom-tmp\ext-c9959ce8 -bc C:\APP\aio\Arbel\IGPS\4.4.5\sources\deliverables\IGPS_4.4.5_Github\sbom-tmp\ext-c9959ce8 -pn uboot-source -pv v2023.10-npcm8xx-20250728 -ps Nuvoton -nsb https://github.com/Nuvoton-Israel/igps-npcm8xx -mi SPDX:3.0 -pm true -m C:\APP\aio\Arbel\IGPS\4.4.5\sources\deliverables\IGPS_4.4.5_Github\sbom-tmp\m-65cd6397
>>> SBOM tool exit code: 1
>>> SBOM tool STDOUT:
##[warning]PipReport: Failure while parsing pip installation report for "C:\\APP\\aio\\Arbel\\IGPS\\4.4.5\\sources\\deliverables\\IGPS_4.4.5_Github\\sbom-tmp\\ext-c9959ce8\\u-boot-2023.10-npcm8xx-20250728\\tools\\buildman\\requirements.txt"
System.InvalidOperationException: PipReport: Failed to generate pip installation report for file C:\APP\aio\Arbel\IGPS\4.4.5\sources\deliverables\IGPS_4.4.5_Github\sbom-tmp\ext-c9959ce8\u-boot-2023.10-npcm8xx-20250728\tools\buildman\requirements.txt with exit code 1
   at Microsoft.ComponentDetection.Detectors.Pip.PipCommandService.GenerateInstallationReportAsync(String path, String pipExePath, String pythonExePath, CancellationToken cancellationToken)
   at Microsoft.ComponentDetection.Detectors.Pip.PipReportComponentDetector.OnFileFoundAsync(ProcessRequest processRequest, IDictionary`2 detectorArgs, CancellationToken cancellationToken)
##[warning]PipReport: Failure while parsing pip installation report for "C:\\APP\\aio\\Arbel\\IGPS\\4.4.5\\sources\\deliverables\\IGPS_4.4.5_Github\\sbom-tmp\\ext-c9959ce8\\u-boot-2023.10-npcm8xx-20250728\\scripts\\dtc\\pylibfdt\\setup.py"
System.InvalidOperationException: PipReport: Failed to generate pip installation report for file C:\APP\aio\Arbel\IGPS\4.4.5\sources\deliverables\IGPS_4.4.5_Github\sbom-tmp\ext-c9959ce8\u-boot-2023.10-npcm8xx-20250728\scripts\dtc\pylibfdt\setup.py with exit code 1
   at Microsoft.ComponentDetection.Detectors.Pip.PipCommandService.GenerateInstallationReportAsync(String path, String pipExePath, String pythonExePath, CancellationToken cancellationToken)
   at Microsoft.ComponentDetection.Detectors.Pip.PipReportComponentDetector.OnFileFoundAsync(ProcessRequest processRequest, IDictionary`2 detectorArgs, CancellationToken cancellationToken)
                               Detection Summary                                
ÚÄÄÄÄÄÄÄÄÄÄÄÄÄÄÄÄÄÄÄÂÄÄÄÄÄÄÄÄÄÄÄÄÄÄÄÄÄÄÄÂÄÄÄÄÄÄÄÄÄÄÄÄÄÄÄÄÄÄÄÂÄÄÄÄÄÄÄÄÄÄÄÄÄÄÄÄÄÄ¿
³ Component         ³ Detection Time    ³ # Components      ³ # Explicitly     ³
³ Detector Id       ³                   ³ Found             ³ Referenced       ³
ÃÄÄÄÄÄÄÄÄÄÄÄÄÄÄÄÄÄÄÄÅÄÄÄÄÄÄÄÄÄÄÄÄÄÄÄÄÄÄÄÅÄÄÄÄÄÄÄÄÄÄÄÄÄÄÄÄÄÄÄÅÄÄÄÄÄÄÄÄÄÄÄÄÄÄÄÄÄÄ´
³ CocoaPods         ³ 0.82 seconds      ³ 0                 ³ 0                ³
³ ConanLock         ³ 0.77 seconds      ³ 0                 ³ 0                ³
³ DotNet            ³ 0.82 seconds      ³ 0                 ³ 0                ³
³ Go                ³ 0.82 seconds      ³ 0                 ³ 0                ³
³ Gradle            ³ 0.82 seconds      ³ 0                 ³ 0                ³
³ Ivy (Beta)        ³ 0.36 seconds      ³ 0                 ³ 0                ³
³ Linux             ³ 0.099 seconds     ³ 0                 ³ 0                ³
³ LinuxApplicationL ³ 0.004 seconds     ³ 0                 ³ 0                ³
³ ayer (Beta)       ³                   ³                   ³                  ³
³ MvnCli            ³ 0.3 seconds       ³ 0                 ³ 0                ³
³ Npm               ³ 0.77 seconds      ³ 0                 ³ 0                ³
³ NpmLockfile3      ³ 0.77 seconds      ³ 0                 ³ 0                ³
³ NpmWithRoots      ³ 0.77 seconds      ³ 0                 ³ 0                ³
³ NuGet             ³ 0.77 seconds      ³ 0                 ³ 0                ³
³ NuGetPackagesConf ³ 0.77 seconds      ³ 0                 ³ 0                ³
³ ig                ³                   ³                   ³                  ³
³ NuGetProjectCentr ³ 0.77 seconds      ³ 0                 ³ 0                ³
³ ic                ³                   ³                   ³                  ³
³ PipReport         ³ 1.8e+02 seconds   ³ 71                ³ 56               ³
³ Pnpm              ³ 0.77 seconds      ³ 0                 ³ 0                ³
³ Poetry (Beta)     ³ 0.77 seconds      ³ 0                 ³ 0                ³
³ Ruby              ³ 0.77 seconds      ³ 0                 ³ 0                ³
³ RustSbom          ³ 0.77 seconds      ³ 0                 ³ 0                ³
³ SPDX22SBOM        ³ 0.77 seconds      ³ 0                 ³ 0                ³
³ UvLock (Beta)     ³ 0.77 seconds      ³ 0                 ³ 0                ³
³ Vcpkg             ³ 0.77 seconds      ³ 0                 ³ 0                ³
³ Yarn              ³ 0.77 seconds      ³ 0                 ³ 0                ³
³ ÄÄÄÄÄÄÄÄÄÄÄÄÄÄÄÄÄ ³ ÄÄÄÄÄÄÄÄÄÄÄÄÄÄÄÄÄ ³ ÄÄÄÄÄÄÄÄÄÄÄÄÄÄÄÄÄ ³ ÄÄÄÄÄÄÄÄÄÄÄÄÄÄÄÄ ³
³ Total             ³ 1.8e+02 seconds   ³ 71                ³ 56               ³
ÀÄÄÄÄÄÄÄÄÄÄÄÄÄÄÄÄÄÄÄÁÄÄÄÄÄÄÄÄÄÄÄÄÄÄÄÄÄÄÄÁÄÄÄÄÄÄÄÄÄÄÄÄÄÄÄÄÄÄÄÁÄÄÄÄÄÄÄÄÄÄÄÄÄÄÄÄÄÄÙ
##[error]Encountered an error while generating hash for file C:\APP\aio\Arbel\IGPS\4.4.5\sources\deliverables\IGPS_4.4.5_Github\sbom-tmp\ext-c9959ce8\u-boot-2023.10-npcm8xx-20250728\arch\arm\dts\include\dt-bindings: Access to the path 'C:\APP\aio\Arbel\IGPS\4.4.5\sources\deliverables\IGPS_4.4.5_Github\sbom-tmp\ext-c9959ce8\u-boot-2023.10-npcm8xx-20250728\arch\arm\dts\include\dt-bindings' is denied.
##[error]Encountered an error while generating hash for file C:\APP\aio\Arbel\IGPS\4.4.5\sources\deliverables\IGPS_4.4.5_Github\sbom-tmp\ext-c9959ce8\u-boot-2023.10-npcm8xx-20250728\arch\nios2\dts\include\dt-bindings: Access to the path 'C:\APP\aio\Arbel\IGPS\4.4.5\sources\deliverables\IGPS_4.4.5_Github\sbom-tmp\ext-c9959ce8\u-boot-2023.10-npcm8xx-20250728\arch\nios2\dts\include\dt-bindings' is denied.
##[error]Encountered an error while generating hash for file C:\APP\aio\Arbel\IGPS\4.4.5\sources\deliverables\IGPS_4.4.5_Github\sbom-tmp\ext-c9959ce8\u-boot-2023.10-npcm8xx-20250728\arch\x86\dts\include\dt-bindings: Access to the path 'C:\APP\aio\Arbel\IGPS\4.4.5\sources\deliverables\IGPS_4.4.5_Github\sbom-tmp\ext-c9959ce8\u-boot-2023.10-npcm8xx-20250728\arch\x86\dts\include\dt-bindings' is denied.
##[error]Encountered an error while generating hash for file C:\APP\aio\Arbel\IGPS\4.4.5\sources\deliverables\IGPS_4.4.5_Github\sbom-tmp\ext-c9959ce8\u-boot-2023.10-npcm8xx-20250728\arch\xtensa\dts\include\dt-bindings: Access to the path 'C:\APP\aio\Arbel\IGPS\4.4.5\sources\deliverables\IGPS_4.4.5_Github\sbom-tmp\ext-c9959ce8\u-boot-2023.10-npcm8xx-20250728\arch\xtensa\dts\include\dt-bindings' is denied.
##[error]Encountered an error while generating hash for file C:\APP\aio\Arbel\IGPS\4.4.5\sources\deliverables\IGPS_4.4.5_Github\sbom-tmp\ext-c9959ce8\u-boot-2023.10-npcm8xx-20250728\arch\microblaze\dts\include\dt-bindings: Access to the path 'C:\APP\aio\Arbel\IGPS\4.4.5\sources\deliverables\IGPS_4.4.5_Github\sbom-tmp\ext-c9959ce8\u-boot-2023.10-npcm8xx-20250728\arch\microblaze\dts\include\dt-bindings' is denied.
##[error]Encountered an error while generating hash for file C:\APP\aio\Arbel\IGPS\4.4.5\sources\deliverables\IGPS_4.4.5_Github\sbom-tmp\ext-c9959ce8\u-boot-2023.10-npcm8xx-20250728\arch\mips\dts\include\dt-bindings: Access to the path 'C:\APP\aio\Arbel\IGPS\4.4.5\sources\deliverables\IGPS_4.4.5_Github\sbom-tmp\ext-c9959ce8\u-boot-2023.10-npcm8xx-20250728\arch\mips\dts\include\dt-bindings' is denied.
##[error]Encountered an error while generating hash for file C:\APP\aio\Arbel\IGPS\4.4.5\sources\deliverables\IGPS_4.4.5_Github\sbom-tmp\ext-c9959ce8\u-boot-2023.10-npcm8xx-20250728\arch\sandbox\dts\include\dt-bindings: Access to the path 'C:\APP\aio\Arbel\IGPS\4.4.5\sources\deliverables\IGPS_4.4.5_Github\sbom-tmp\ext-c9959ce8\u-boot-2023.10-npcm8xx-20250728\arch\sandbox\dts\include\dt-bindings' is denied.
##[error]Encountered an error while generating hash for file C:\APP\aio\Arbel\IGPS\4.4.5\sources\deliverables\IGPS_4.4.5_Github\sbom-tmp\ext-c9959ce8\u-boot-2023.10-npcm8xx-20250728\board\xilinx\zynq\zynq-cse-qspi-single: Access to the path 'C:\APP\aio\Arbel\IGPS\4.4.5\sources\deliverables\IGPS_4.4.5_Github\sbom-tmp\ext-c9959ce8\u-boot-2023.10-npcm8xx-20250728\board\xilinx\zynq\zynq-cse-qspi-single' is denied.
##[error]Encountered an error while generating hash for file C:\APP\aio\Arbel\IGPS\4.4.5\sources\deliverables\IGPS_4.4.5_Github\sbom-tmp\ext-c9959ce8\u-boot-2023.10-npcm8xx-20250728\board\xilinx\zynqmp\avnet-ultra96-rev1: Access to the path 'C:\APP\aio\Arbel\IGPS\4.4.5\sources\deliverables\IGPS_4.4.5_Github\sbom-tmp\ext-c9959ce8\u-boot-2023.10-npcm8xx-20250728\board\xilinx\zynqmp\avnet-ultra96-rev1' is denied.
##[error]Encountered an error while generating hash for file C:\APP\aio\Arbel\IGPS\4.4.5\sources\deliverables\IGPS_4.4.5_Github\sbom-tmp\ext-c9959ce8\u-boot-2023.10-npcm8xx-20250728\board\xilinx\zynqmp\zynqmp-mini-emmc0: Access to the path 'C:\APP\aio\Arbel\IGPS\4.4.5\sources\deliverables\IGPS_4.4.5_Github\sbom-tmp\ext-c9959ce8\u-boot-2023.10-npcm8xx-20250728\board\xilinx\zynqmp\zynqmp-mini-emmc0' is denied.
##[error]Encountered an error while generating hash for file C:\APP\aio\Arbel\IGPS\4.4.5\sources\deliverables\IGPS_4.4.5_Github\sbom-tmp\ext-c9959ce8\u-boot-2023.10-npcm8xx-20250728\board\xilinx\zynqmp\zynqmp-mini-emmc1: Access to the path 'C:\APP\aio\Arbel\IGPS\4.4.5\sources\deliverables\IGPS_4.4.5_Github\sbom-tmp\ext-c9959ce8\u-boot-2023.10-npcm8xx-20250728\board\xilinx\zynqmp\zynqmp-mini-emmc1' is denied.
##[error]Encountered an error while generating hash for file C:\APP\aio\Arbel\IGPS\4.4.5\sources\deliverables\IGPS_4.4.5_Github\sbom-tmp\ext-c9959ce8\u-boot-2023.10-npcm8xx-20250728\board\xilinx\zynq\zynq-cse-nand: Access to the path 'C:\APP\aio\Arbel\IGPS\4.4.5\sources\deliverables\IGPS_4.4.5_Github\sbom-tmp\ext-c9959ce8\u-boot-2023.10-npcm8xx-20250728\board\xilinx\zynq\zynq-cse-nand' is denied.
##[error]Encountered an error while generating hash for file C:\APP\aio\Arbel\IGPS\4.4.5\sources\deliverables\IGPS_4.4.5_Github\sbom-tmp\ext-c9959ce8\u-boot-2023.10-npcm8xx-20250728\board\xilinx\zynq\zynq-cse-nor: Access to the path 'C:\APP\aio\Arbel\IGPS\4.4.5\sources\deliverables\IGPS_4.4.5_Github\sbom-tmp\ext-c9959ce8\u-boot-2023.10-npcm8xx-20250728\board\xilinx\zynq\zynq-cse-nor' is denied.
##[error]Encountered an error while generating hash for file C:\APP\aio\Arbel\IGPS\4.4.5\sources\deliverables\IGPS_4.4.5_Github\sbom-tmp\ext-c9959ce8\u-boot-2023.10-npcm8xx-20250728\board\xilinx\zynqmp\zynqmp-mini-qspi: Access to the path 'C:\APP\aio\Arbel\IGPS\4.4.5\sources\deliverables\IGPS_4.4.5_Github\sbom-tmp\ext-c9959ce8\u-boot-2023.10-npcm8xx-20250728\board\xilinx\zynqmp\zynqmp-mini-qspi' is denied.
##[error]Encountered an error while generating hash for file C:\APP\aio\Arbel\IGPS\4.4.5\sources\deliverables\IGPS_4.4.5_Github\sbom-tmp\ext-c9959ce8\u-boot-2023.10-npcm8xx-20250728\board\xilinx\zynqmp\zynqmp-mini: Access to the path 'C:\APP\aio\Arbel\IGPS\4.4.5\sources\deliverables\IGPS_4.4.5_Github\sbom-tmp\ext-c9959ce8\u-boot-2023.10-npcm8xx-20250728\board\xilinx\zynqmp\zynqmp-mini' is denied.

>>> Looking for manifest at: C:\APP\aio\Arbel\IGPS\4.4.5\sources\deliverables\IGPS_4.4.5_Github\sbom-tmp\m-65cd6397\_manifest\spdx_3.0\manifest.spdx.json
>>> Manifest found!
>>> Standard SBOM generated: C:\APP\aio\Arbel\IGPS\4.4.5\sources\deliverables\IGPS_4.4.5_Github\sbom-root\spdx_3.0\uboot-source.spdx.json
[Tue 09/22/2026 21:39:09.91] Processing OP-TEE source... 
>>> Looking for tar files in: sbom-tmp
>>> Using patterns: ['*.source.tar*', '*.tar*']
>>> Found tarball: sbom-tmp\optee_os-npcm_4_0_0.tar.gz
>>> Extracting to: C:\APP\aio\Arbel\IGPS\4.4.5\sources\deliverables\IGPS_4.4.5_Github\sbom-tmp\ext-83dd50e0
>>> Extraction successful
>>> Fixing file permissions...
>>> Permission fix complete
>>> Running base scan for: optee-source...
>>> Base path: C:\APP\aio\Arbel\IGPS\4.4.5\sources\deliverables\IGPS_4.4.5_Github\sbom-tmp\ext-83dd50e0
>>> Manifest root: C:\APP\aio\Arbel\IGPS\4.4.5\sources\deliverables\IGPS_4.4.5_Github\sbom-tmp\m-46247f7e
>>> Command: C:\APP\aio\Arbel\IGPS\4.4.5\sources\sbom-tool.exe generate -b C:\APP\aio\Arbel\IGPS\4.4.5\sources\deliverables\IGPS_4.4.5_Github\sbom-tmp\ext-83dd50e0 -bc C:\APP\aio\Arbel\IGPS\4.4.5\sources\deliverables\IGPS_4.4.5_Github\sbom-tmp\ext-83dd50e0 -pn optee-source -pv optee_os-npcm845x_4.0.0-rc1 -ps Nuvoton -nsb https://github.com/Nuvoton-Israel/igps-npcm8xx -mi SPDX:3.0 -pm true -m C:\APP\aio\Arbel\IGPS\4.4.5\sources\deliverables\IGPS_4.4.5_Github\sbom-tmp\m-46247f7e
>>> SBOM tool exit code: 0
>>> SBOM tool STDOUT:
                               Detection Summary                                
ÚÄÄÄÄÄÄÄÄÄÄÄÄÄÄÄÄÄÄÄÂÄÄÄÄÄÄÄÄÄÄÄÄÄÄÄÄÄÄÄÂÄÄÄÄÄÄÄÄÄÄÄÄÄÄÄÄÄÄÄÂÄÄÄÄÄÄÄÄÄÄÄÄÄÄÄÄÄÄ¿
³ Component         ³ Detection Time    ³ # Components      ³ # Explicitly     ³
³ Detector Id       ³                   ³ Found             ³ Referenced       ³
ÃÄÄÄÄÄÄÄÄÄÄÄÄÄÄÄÄÄÄÄÅÄÄÄÄÄÄÄÄÄÄÄÄÄÄÄÄÄÄÄÅÄÄÄÄÄÄÄÄÄÄÄÄÄÄÄÄÄÄÄÅÄÄÄÄÄÄÄÄÄÄÄÄÄÄÄÄÄÄ´
³ CocoaPods         ³ 0.35 seconds      ³ 0                 ³ 0                ³
³ ConanLock         ³ 0.29 seconds      ³ 0                 ³ 0                ³
³ DotNet            ³ 0.34 seconds      ³ 0                 ³ 0                ³
³ Go                ³ 0.34 seconds      ³ 0                 ³ 0                ³
³ Gradle            ³ 0.34 seconds      ³ 0                 ³ 0                ³
³ Ivy (Beta)        ³ 0.34 seconds      ³ 0                 ³ 0                ³
³ Linux             ³ 0.039 seconds     ³ 0                 ³ 0                ³
³ LinuxApplicationL ³ 0.0046 seconds    ³ 0                 ³ 0                ³
³ ayer (Beta)       ³                   ³                   ³                  ³
³ MvnCli            ³ 0.29 seconds      ³ 0                 ³ 0                ³
³ Npm               ³ 0.29 seconds      ³ 0                 ³ 0                ³
³ NpmLockfile3      ³ 0.29 seconds      ³ 0                 ³ 0                ³
³ NpmWithRoots      ³ 0.29 seconds      ³ 0                 ³ 0                ³
³ NuGet             ³ 0.29 seconds      ³ 0                 ³ 0                ³
³ NuGetPackagesConf ³ 0.29 seconds      ³ 0                 ³ 0                ³
³ ig                ³                   ³                   ³                  ³
³ NuGetProjectCentr ³ 0.29 seconds      ³ 0                 ³ 0                ³
³ ic                ³                   ³                   ³                  ³
³ PipReport         ³ 1.9 seconds       ³ 0                 ³ 0                ³
³ Pnpm              ³ 0.29 seconds      ³ 0                 ³ 0                ³
³ Poetry (Beta)     ³ 0.29 seconds      ³ 0                 ³ 0                ³
³ Ruby              ³ 0.29 seconds      ³ 0                 ³ 0                ³
³ RustSbom          ³ 0.29 seconds      ³ 0                 ³ 0                ³
³ SPDX22SBOM        ³ 0.29 seconds      ³ 0                 ³ 0                ³
³ UvLock (Beta)     ³ 0.29 seconds      ³ 0                 ³ 0                ³
³ Vcpkg             ³ 0.29 seconds      ³ 0                 ³ 0                ³
³ Yarn              ³ 0.29 seconds      ³ 0                 ³ 0                ³
³ ÄÄÄÄÄÄÄÄÄÄÄÄÄÄÄÄÄ ³ ÄÄÄÄÄÄÄÄÄÄÄÄÄÄÄÄÄ ³ ÄÄÄÄÄÄÄÄÄÄÄÄÄÄÄÄÄ ³ ÄÄÄÄÄÄÄÄÄÄÄÄÄÄÄÄ ³
³ Total             ³ 2 seconds         ³ 0                 ³ 0                ³
ÀÄÄÄÄÄÄÄÄÄÄÄÄÄÄÄÄÄÄÄÁÄÄÄÄÄÄÄÄÄÄÄÄÄÄÄÄÄÄÄÁÄÄÄÄÄÄÄÄÄÄÄÄÄÄÄÄÄÄÄÁÄÄÄÄÄÄÄÄÄÄÄÄÄÄÄÄÄÄÙ
##[warning]There were no packages detected during the generation workflow.

>>> Looking for manifest at: C:\APP\aio\Arbel\IGPS\4.4.5\sources\deliverables\IGPS_4.4.5_Github\sbom-tmp\m-46247f7e\_manifest\spdx_3.0\manifest.spdx.json
>>> Manifest found!
>>> Standard SBOM generated: C:\APP\aio\Arbel\IGPS\4.4.5\sources\deliverables\IGPS_4.4.5_Github\sbom-root\spdx_3.0\optee-source.spdx.json
[Tue 09/22/2026 21:39:29.83] Processing BL31 source... 
>>> Looking for tar files in: sbom-tmp
>>> Using patterns: ['*.source.tar*', '*.tar*']
>>> Found tarball: sbom-tmp\arm-trusted-firmware-2.9.1.tar.gz
>>> Extracting to: C:\APP\aio\Arbel\IGPS\4.4.5\sources\deliverables\IGPS_4.4.5_Github\sbom-tmp\ext-2f786595
>>> Extraction successful
>>> Fixing file permissions...
>>> Permission fix complete
>>> Running base scan for: bl31-source...
>>> Base path: C:\APP\aio\Arbel\IGPS\4.4.5\sources\deliverables\IGPS_4.4.5_Github\sbom-tmp\ext-2f786595
>>> Manifest root: C:\APP\aio\Arbel\IGPS\4.4.5\sources\deliverables\IGPS_4.4.5_Github\sbom-tmp\m-b3a26ba2
>>> Command: C:\APP\aio\Arbel\IGPS\4.4.5\sources\sbom-tool.exe generate -b C:\APP\aio\Arbel\IGPS\4.4.5\sources\deliverables\IGPS_4.4.5_Github\sbom-tmp\ext-2f786595 -bc C:\APP\aio\Arbel\IGPS\4.4.5\sources\deliverables\IGPS_4.4.5_Github\sbom-tmp\ext-2f786595 -pn bl31-source -pv V2.9.1_npcm845x_20240318 -ps Nuvoton -nsb https://github.com/Nuvoton-Israel/igps-npcm8xx -mi SPDX:3.0 -pm true -m C:\APP\aio\Arbel\IGPS\4.4.5\sources\deliverables\IGPS_4.4.5_Github\sbom-tmp\m-b3a26ba2
>>> SBOM tool exit code: 0
>>> SBOM tool STDOUT:
                               Detection Summary                                
ÚÄÄÄÄÄÄÄÄÄÄÄÄÄÄÄÄÄÄÄÂÄÄÄÄÄÄÄÄÄÄÄÄÄÄÄÄÄÄÄÂÄÄÄÄÄÄÄÄÄÄÄÄÄÄÄÄÄÄÄÂÄÄÄÄÄÄÄÄÄÄÄÄÄÄÄÄÄÄ¿
³ Component         ³ Detection Time    ³ # Components      ³ # Explicitly     ³
³ Detector Id       ³                   ³ Found             ³ Referenced       ³
ÃÄÄÄÄÄÄÄÄÄÄÄÄÄÄÄÄÄÄÄÅÄÄÄÄÄÄÄÄÄÄÄÄÄÄÄÄÄÄÄÅÄÄÄÄÄÄÄÄÄÄÄÄÄÄÄÄÄÄÄÅÄÄÄÄÄÄÄÄÄÄÄÄÄÄÄÄÄÄ´
³ CocoaPods         ³ 0.55 seconds      ³ 0                 ³ 0                ³
³ ConanLock         ³ 0.48 seconds      ³ 0                 ³ 0                ³
³ DotNet            ³ 0.55 seconds      ³ 0                 ³ 0                ³
³ Go                ³ 0.55 seconds      ³ 0                 ³ 0                ³
³ Gradle            ³ 0.55 seconds      ³ 0                 ³ 0                ³
³ Ivy (Beta)        ³ 0.29 seconds      ³ 0                 ³ 0                ³
³ Linux             ³ 0.0055 seconds    ³ 0                 ³ 0                ³
³ LinuxApplicationL ³ 0.0055 seconds    ³ 0                 ³ 0                ³
³ ayer (Beta)       ³                   ³                   ³                  ³
³ MvnCli            ³ 0.21 seconds      ³ 0                 ³ 0                ³
³ Npm               ³ 0.5 seconds       ³ 2                 ³ 0                ³
³ NpmLockfile3      ³ 0.5 seconds       ³ 0                 ³ 0                ³
³ NpmWithRoots      ³ 0.5 seconds       ³ 334               ³ 7                ³
³ NuGet             ³ 0.5 seconds       ³ 0                 ³ 0                ³
³ NuGetPackagesConf ³ 0.5 seconds       ³ 0                 ³ 0                ³
³ ig                ³                   ³                   ³                  ³
³ NuGetProjectCentr ³ 0.5 seconds       ³ 0                 ³ 0                ³
³ ic                ³                   ³                   ³                  ³
³ PipReport         ³ 1.8 seconds       ³ 0                 ³ 0                ³
³ Pnpm              ³ 0.5 seconds       ³ 0                 ³ 0                ³
³ Poetry (Beta)     ³ 0.5 seconds       ³ 48                ³ 0                ³
³ Ruby              ³ 0.49 seconds      ³ 0                 ³ 0                ³
³ RustSbom          ³ 0.49 seconds      ³ 0                 ³ 0                ³
³ SPDX22SBOM        ³ 0.48 seconds      ³ 0                 ³ 0                ³
³ UvLock (Beta)     ³ 0.48 seconds      ³ 0                 ³ 0                ³
³ Vcpkg             ³ 0.48 seconds      ³ 0                 ³ 0                ³
³ Yarn              ³ 0.48 seconds      ³ 0                 ³ 0                ³
³ ÄÄÄÄÄÄÄÄÄÄÄÄÄÄÄÄÄ ³ ÄÄÄÄÄÄÄÄÄÄÄÄÄÄÄÄÄ ³ ÄÄÄÄÄÄÄÄÄÄÄÄÄÄÄÄÄ ³ ÄÄÄÄÄÄÄÄÄÄÄÄÄÄÄÄ ³
³ Total             ³ 1.9 seconds       ³ 384               ³ 7                ³
ÀÄÄÄÄÄÄÄÄÄÄÄÄÄÄÄÄÄÄÄÁÄÄÄÄÄÄÄÄÄÄÄÄÄÄÄÄÄÄÄÁÄÄÄÄÄÄÄÄÄÄÄÄÄÄÄÄÄÄÄÁÄÄÄÄÄÄÄÄÄÄÄÄÄÄÄÄÄÄÙ

>>> Looking for manifest at: C:\APP\aio\Arbel\IGPS\4.4.5\sources\deliverables\IGPS_4.4.5_Github\sbom-tmp\m-b3a26ba2\_manifest\spdx_3.0\manifest.spdx.json
>>> Manifest found!
>>> Standard SBOM generated: C:\APP\aio\Arbel\IGPS\4.4.5\sources\deliverables\IGPS_4.4.5_Github\sbom-root\spdx_3.0\bl31-source.spdx.json
[Tue 09/22/2026 21:39:57.19] Processing Linux source... 
>>> Looking for tar files in: sbom-tmp
>>> Using patterns: ['*.source.tar*', '*.tar*']
>>> Found tarball: sbom-tmp\BMC_LINUX_5.10.161.01.04.source.tar.bz2
>>> Extracting to: C:\APP\aio\Arbel\IGPS\4.4.5\sources\deliverables\IGPS_4.4.5_Github\sbom-tmp\ext-7f3eaf62
>>> Extraction successful
>>> Fixing file permissions...
>>> Permission fix complete
>>> Running base scan for: linux-source...
>>> Base path: C:\APP\aio\Arbel\IGPS\4.4.5\sources\deliverables\IGPS_4.4.5_Github\sbom-tmp\ext-7f3eaf62
>>> Manifest root: C:\APP\aio\Arbel\IGPS\4.4.5\sources\deliverables\IGPS_4.4.5_Github\sbom-tmp\m-ca73ca0d
>>> Command: C:\APP\aio\Arbel\IGPS\4.4.5\sources\sbom-tool.exe generate -b C:\APP\aio\Arbel\IGPS\4.4.5\sources\deliverables\IGPS_4.4.5_Github\sbom-tmp\ext-7f3eaf62 -bc C:\APP\aio\Arbel\IGPS\4.4.5\sources\deliverables\IGPS_4.4.5_Github\sbom-tmp\ext-7f3eaf62 -pn linux-source -pv 5.10.161.01.04 -ps Nuvoton -nsb https://github.com/Nuvoton-Israel/igps-npcm8xx -mi SPDX:3.0 -pm true -m C:\APP\aio\Arbel\IGPS\4.4.5\sources\deliverables\IGPS_4.4.5_Github\sbom-tmp\m-ca73ca0d
>>> SBOM tool exit code: 0
>>> SBOM tool STDOUT:
                               Detection Summary                                
ÚÄÄÄÄÄÄÄÄÄÄÄÄÄÄÄÄÄÄÄÂÄÄÄÄÄÄÄÄÄÄÄÄÄÄÄÄÄÄÄÂÄÄÄÄÄÄÄÄÄÄÄÄÄÄÄÄÄÄÄÂÄÄÄÄÄÄÄÄÄÄÄÄÄÄÄÄÄÄ¿
³ Component         ³ Detection Time    ³ # Components      ³ # Explicitly     ³
³ Detector Id       ³                   ³ Found             ³ Referenced       ³
ÃÄÄÄÄÄÄÄÄÄÄÄÄÄÄÄÄÄÄÄÅÄÄÄÄÄÄÄÄÄÄÄÄÄÄÄÄÄÄÄÅÄÄÄÄÄÄÄÄÄÄÄÄÄÄÄÄÄÄÄÅÄÄÄÄÄÄÄÄÄÄÄÄÄÄÄÄÄÄ´
³ CocoaPods         ³ 0.34 seconds      ³ 0                 ³ 0                ³
³ ConanLock         ³ 0.28 seconds      ³ 0                 ³ 0                ³
³ DotNet            ³ 0.34 seconds      ³ 0                 ³ 0                ³
³ Go                ³ 0.34 seconds      ³ 0                 ³ 0                ³
³ Gradle            ³ 0.34 seconds      ³ 0                 ³ 0                ³
³ Ivy (Beta)        ³ 0.34 seconds      ³ 0                 ³ 0                ³
³ Linux             ³ 0.081 seconds     ³ 0                 ³ 0                ³
³ LinuxApplicationL ³ 0.0042 seconds    ³ 0                 ³ 0                ³
³ ayer (Beta)       ³                   ³                   ³                  ³
³ MvnCli            ³ 0.28 seconds      ³ 0                 ³ 0                ³
³ Npm               ³ 0.28 seconds      ³ 0                 ³ 0                ³
³ NpmLockfile3      ³ 0.28 seconds      ³ 0                 ³ 0                ³
³ NpmWithRoots      ³ 0.28 seconds      ³ 0                 ³ 0                ³
³ NuGet             ³ 0.28 seconds      ³ 0                 ³ 0                ³
³ NuGetPackagesConf ³ 0.28 seconds      ³ 0                 ³ 0                ³
³ ig                ³                   ³                   ³                  ³
³ NuGetProjectCentr ³ 0.28 seconds      ³ 0                 ³ 0                ³
³ ic                ³                   ³                   ³                  ³
³ PipReport         ³ 1.7 seconds       ³ 0                 ³ 0                ³
³ Pnpm              ³ 0.28 seconds      ³ 0                 ³ 0                ³
³ Poetry (Beta)     ³ 0.28 seconds      ³ 0                 ³ 0                ³
³ Ruby              ³ 0.28 seconds      ³ 0                 ³ 0                ³
³ RustSbom          ³ 0.28 seconds      ³ 0                 ³ 0                ³
³ SPDX22SBOM        ³ 0.28 seconds      ³ 0                 ³ 0                ³
³ UvLock (Beta)     ³ 0.28 seconds      ³ 0                 ³ 0                ³
³ Vcpkg             ³ 0.28 seconds      ³ 0                 ³ 0                ³
³ Yarn              ³ 0.28 seconds      ³ 0                 ³ 0                ³
³ ÄÄÄÄÄÄÄÄÄÄÄÄÄÄÄÄÄ ³ ÄÄÄÄÄÄÄÄÄÄÄÄÄÄÄÄÄ ³ ÄÄÄÄÄÄÄÄÄÄÄÄÄÄÄÄÄ ³ ÄÄÄÄÄÄÄÄÄÄÄÄÄÄÄÄ ³
³ Total             ³ 1.8 seconds       ³ 0                 ³ 0                ³
ÀÄÄÄÄÄÄÄÄÄÄÄÄÄÄÄÄÄÄÄÁÄÄÄÄÄÄÄÄÄÄÄÄÄÄÄÄÄÄÄÁÄÄÄÄÄÄÄÄÄÄÄÄÄÄÄÄÄÄÄÁÄÄÄÄÄÄÄÄÄÄÄÄÄÄÄÄÄÄÙ
##[warning]There were no packages detected during the generation workflow.

>>> Looking for manifest at: C:\APP\aio\Arbel\IGPS\4.4.5\sources\deliverables\IGPS_4.4.5_Github\sbom-tmp\m-ca73ca0d\_manifest\spdx_3.0\manifest.spdx.json
>>> Manifest found!
>>> Standard SBOM generated: C:\APP\aio\Arbel\IGPS\4.4.5\sources\deliverables\IGPS_4.4.5_Github\sbom-root\spdx_3.0\linux-source.spdx.json
